note: using only cached resource files
note: Running TeX ...
warning: accessing absolute path `/System/Library/Fonts/Supplemental/Songti.ttc`; build may not be reproducible in other environments
warning: accessing absolute path `/System/Library/Fonts/STHeiti Light.ttc`; build may not be reproducible in other environments
warning: accessing absolute path `/System/Library/Fonts/STHeiti Medium.ttc`; build may not be reproducible in other environments
warning: sections/s0_refs.tex:53: Underfull \hbox (badness 3792) in paragraph at lines 50--53
warning: sections/s0_refs.tex:53: Underfull \hbox (badness 1888) in paragraph at lines 50--53
warning: sections/s0_refs.tex:58: Underfull \hbox (badness 2096) in paragraph at lines 55--58
warning: sections/s0_refs.tex:73: Underfull \hbox (badness 3281) in paragraph at lines 70--73
note: Rerunning TeX because "main_compile.toc" changed ...
warning: sections/s0_refs.tex:53: Underfull \hbox (badness 3792) in paragraph at lines 50--53
warning: sections/s0_refs.tex:53: Underfull \hbox (badness 1888) in paragraph at lines 50--53
warning: sections/s0_refs.tex:58: Underfull \hbox (badness 2096) in paragraph at lines 55--58
warning: sections/s0_refs.tex:73: Underfull \hbox (badness 3281) in paragraph at lines 70--73
note: Rerunning TeX because "main_compile.toc" changed ...
warning: sections/s0_refs.tex:53: Underfull \hbox (badness 3792) in paragraph at lines 50--53
warning: sections/s0_refs.tex:53: Underfull \hbox (badness 1888) in paragraph at lines 50--53
warning: sections/s0_refs.tex:58: Underfull \hbox (badness 2096) in paragraph at lines 55--58
warning: sections/s0_refs.tex:73: Underfull \hbox (badness 3281) in paragraph at lines 70--73
warning: warnings were issued by the TeX engine; use --print and/or --keep-logs for details.
note: Running xdvipdfmx ...
warning: PDF file is tagged... Ignoring tags.
warning: PDF file is tagged... Ignoring tags.
note: Writing `build/main_compile.log` (25.1396484375 KiB)
note: Writing `build/main_compile.pdf` (2.0109148025512695 MiB)
note: Skipped writing 2 intermediate files (use --keep-intermediates to keep them)
Built /Users/hybuzhy/Developer/workspace/华为杯 F题 -算力约束下提升大语言模型能力的资源配置建模/workspace/paper/build/main.pdf
