
Fontconfig error: No writable cache directories
	/opt/homebrew/var/cache/fontconfig
	/Users/hybuzhy/.cache/fontconfig
	/Users/hybuzhy/.fontconfig

Fontconfig error: No writable cache directories
	/opt/homebrew/var/cache/fontconfig
	/Users/hybuzhy/.cache/fontconfig
	/Users/hybuzhy/.fontconfig

Fontconfig error: No writable cache directories
	/opt/homebrew/var/cache/fontconfig
	/Users/hybuzhy/.cache/fontconfig
	/Users/hybuzhy/.fontconfig

Fontconfig error: No writable cache directories
	/opt/homebrew/var/cache/fontconfig
	/Users/hybuzhy/.cache/fontconfig
	/Users/hybuzhy/.fontconfig

Fontconfig error: No writable cache directories
	/opt/homebrew/var/cache/fontconfig
	/Users/hybuzhy/.cache/fontconfig
	/Users/hybuzhy/.fontconfig
Matplotlib is building the font cache; this may take a moment.
Saved: figures/fig_q2_scaling_fit.pdf
