############################################################
# 华为杯 F 题：算力约束下提升大语言模型能力的资源配置建模
# comp-code 主程序：四问递进求解
############################################################
[Q1] decoded A_data_value/slimpajama_quality_signal_sample.jsonl.xz: 51230 rows (softmax)
[Q1] decoded A_data_value/slimpajama_quality_signal_sample.jsonl.xz: 51230 rows (argmax)
[Q1] decoded A_data_value/slimpajama_quality_extended/arxiv_part-6777d8857c6e-000486.jsonl.xz: 17523 rows (softmax)
[Q1] A2_arxiv: Q=0.48714, conflict=0.057%
[Q1] decoded A_data_value/slimpajama_quality_extended/github_part-6777d8857c6e-000275.jsonl.xz: 203752 rows (softmax)
[Q1] A3_github: Q=0.44910, conflict=0.012%
[save] figures/problem_1_quality_results.json (12311 bytes)
[data_ingest] A_data_value/regmix_tables/train_mixture_1m.csv 全量 512 行已核对
[data_ingest] A_data_value/regmix_tables/train_pile_loss_1m.csv 全量 512 行已核对
[data_ingest] A_data_value/regmix_tables/test_mixture_1m.csv 全量 256 行已核对
[data_ingest] A_data_value/regmix_tables/test_pile_loss_1m.csv 全量 256 行已核对
[Q1]   配比 observed_holdout 1m: logLoss R2=0.664, Spearman=0.844
[data_ingest] A_data_value/regmix_tables/test_mixture_60m.csv 全量 256 行已核对
[data_ingest] A_data_value/regmix_tables/test_pile_loss_60m.csv 全量 256 行已核对
[Q1]   配比 observed_holdout 60m: logLoss R2=-5.387, Spearman=0.842
[data_ingest] A_data_value/regmix_tables/test_mixture_1B.csv 全量 64 行已核对
[data_ingest] A_data_value/regmix_tables/test_pile_loss_1B.csv 全量 64 行已核对
[Q1]   配比 observed_holdout 1B: logLoss R2=-265.290, Spearman=0.736
[data_ingest] A_data_value/regmix_tables/est_mixture_10b.csv 全量 63 行已核对
[data_ingest] A_data_value/regmix_tables/est_pile_loss_10b.csv 全量 63 行已核对
[Q1]   配比 estimated_extrapolation 10B: logLoss R2=-66.863, Spearman=0.498
[data_ingest] A_data_value/regmix_tables/est_mixture_70b.csv 全量 63 行已核对
[data_ingest] A_data_value/regmix_tables/est_pile_loss_70b.csv 全量 63 行已核对
[Q1]   配比 estimated_extrapolation 70B: logLoss R2=-81.042, Spearman=0.421
[save] output/q1_mixture_model.json (2395 bytes)
[data_ingest] A_data_value/domain_mapping_guide.csv 全量 17 行已核对
[Q1]   域映射类型分布: {'direct': 3, 'inferred': 11, 'near_direct': 3}, inferred=11个
[save] figures/problem_1_results.json (17283 bytes)
[save] output/q1_quality_scores.csv (3027228 bytes, 51230 rows)
[Q1] validate_capability PASS
[Q1] complete
============================================================
[Q2] Step 1: 经典标度律 B1 拟合（对数域 Huber-NLS 多起点）
[data_ingest] B_scaling_laws/pythia_training_log_existing.csv 全量 1176 行已核对
[Q2]   E=1.6898 A=0.3540 alpha=0.3400 B=1.2403 beta=0.2799 R2=1.00000
[Q2]   残差均值=-4.9961e-08 标准差=0.0001
[data_ingest] B_scaling_laws/cerebras_training_log.csv 全量 1029 行已核对
[Q2]   泛化 B2_cerebras: n=1029 RMSE=1.2431 R2=-5.07274789542683
[data_ingest] B_scaling_laws/scaling_baseline.csv 全量 57 行已核对
[Q2]   泛化 B4_baseline: n=57 RMSE=0.2927 R2=0.6045104725664432
[data_ingest] B_scaling_laws/published_scaling_data.csv 全量 44 行已核对
[Q2]   泛化 B5_published: n=44 RMSE=0.1976 R2=0.7305501051725802
[Q2] Step 2: 广义标度律 B6-B8 拟合 theta（含 Q_score）
[data_ingest] B_scaling_laws/supplementary_NQ_experiment.csv 全量 360 行已核对
[data_ingest] B_scaling_laws/supplementary_NQ_experiment_expanded.csv 全量 450 行已核对
[data_ingest] B_scaling_laws/supplementary_NQ_experiment_large.csv 全量 1704 行已核对
[Q2]   corr(Q,L)=0.446（应<0：Q↑→Loss↓）
[Q2]   广义律经验拟合 theta=-10.0000 (E=0.216 A=0.531 a=0.309 B=2.953 b=0.123) R2=0.3389
[Q2]   [重要发现] B6-B8 的 Q_score 与 val_loss 正相关(corr=0.446)，故经验 theta<0。这是因 B6-B8 的 Q_score 是实验 setpoint(重标定损失区间, Q=0.05 时 L=1.04<经典 E)，非问题一的部署质量 Q_synth。
[Q2]   B6留出 RMSE: 广义(含Q)=0.6879 vs 同参经典(无Q)=0.9713 (Q项显著改善)
[Q2]   Q=1退化核验 rel_err=0.00e+00 (阈值0.001) -> PASS
[Q2]   下游 Q3/Q4 采用 theta_assumed=0.5>0 (role=assumed, 反映部署质量Q_synth的quality-helps premise, 非B6-B8经验值)
[Q2] Step 3: 弹性与 Q-N 替代率（解析代入拟合参数）
[Q2]   弹性 eps_N=-0.0657 eps_D=-0.0860 eps_Q=-0.0430 (均应<0)
[Q2]   替代率 dN/dQ|_L=-1.3097；ΔQ=0.1 等价 ΔN~-0.1310 (10^9 params)
[save] figures/problem_2_results.json (133711 bytes)
[save] output/q2_classic_scaling.json (47193 bytes)
[Q2] validate_capability PASS
[Q2] 完成
============================================================
[Q3] 标度律参数 E=1.690 A=0.354 alpha=0.340 B=1.240 beta=0.280 theta=0.500; Q0=0.4879
[Q3] Step 1: 三档预算最优配置（三型 g(Q)），主 L_ctx=2048
[Q3]   g=exp C=1e+19: N*=0.1935 D*=7.929 Q*=0.5057 L*=3.0729 util=1.0000 s_train=0.920 s_Q=0.017 s_attn=0.063
[Q3]   g=exp C=1e+22: N*=5.483 D*=261.4 Q*=0.9665 L*=2.1507 util=1.0000 s_train=0.860 s_Q=0.081 s_attn=0.059
[Q3]   g=exp C=1e+24: N*=40.74 D*=3774 Q*=1.0000 L*=1.9139 util=1.0000 s_train=0.923 s_Q=0.015 s_attn=0.063
[Q3]   g=pow C=1e+19: N*=0.1882 D*=8.29 Q*=0.4879 L*=3.0731 util=1.0000 s_train=0.936 s_Q=0.000 s_attn=0.064
[Q3]   g=pow C=1e+22: N*=5.758 D*=240.3 Q*=1.0000 L*=2.1525 util=1.0000 s_train=0.830 s_Q=0.113 s_attn=0.057
[Q3]   g=pow C=1e+24: N*=40.89 D*=3748 Q*=1.0000 L*=1.9140 util=1.0000 s_train=0.920 s_Q=0.018 s_attn=0.063
[Q3]   g=log C=1e+19: N*=0.1882 D*=8.289 Q*=0.4879 L*=3.0731 util=1.0000 s_train=0.936 s_Q=0.000 s_attn=0.064
[Q3]   g=log C=1e+22: N*=5.225 D*=287.8 Q*=1.0000 L*=2.1458 util=1.0000 s_train=0.902 s_Q=0.036 s_attn=0.062
[Q3]   g=log C=1e+24: N*=40.28 D*=3855 Q*=1.0000 L*=1.9136 util=1.0000 s_train=0.932 s_Q=0.005 s_attn=0.064
[Q3]   C=1e+19: 最优L=3.0729 vs Chinchilla基线L=3.3066 (改善0.2337)
[Q3]   C=1e+22: 最优L=2.1507 vs Chinchilla基线L=2.2813 (改善0.1306)
[Q3]   C=1e+24: 最优L=1.9139 vs Chinchilla基线L=1.9935 (改善0.0795)
[Q3]   预算单调性 C↑→L*↓: True (L*=[3.0729, 2.1507, 1.9139])
[Q3] Step 2: 结构性转移识别（份额导数峰值 + 活跃集切换）
[Q3]   转移点 C†~1.00e+19 (logC=19.00), C_Q首次激活 C~3.9810717055349857e+18
[Q3] Step 3: L_ctx 敏感性（C7 五取值）+ 临界值核验
[Q3]   L_ctx=2048: N*=5.483 D*=261.4 Q*=0.9665 L*=2.1507 s_attn=0.0587
[Q3]   L_ctx=4096: N*=5.336 D*=252.5 Q*=0.9714 L*=2.1549 s_attn=0.1104
[Q3]   L_ctx=8192: N*=5.077 D*=237.1 Q*=0.9803 L*=2.1627 s_attn=0.1972
[Q3]   L_ctx=32768: N*=4.025 D*=183.9 Q*=1.0000 L*=2.1985 s_attn=0.4851
[Q3]   L_ctx=131072: N*=2.547 D*=116.4 Q*=1.0000 L*=2.2750 s_attn=0.7773
[Q3]   L_ctx_crit=6/eta=30000 解析核验=True
[save] figures/problem_3_results.json (19029 bytes)
[save] output/q3_optimal_allocation.json (5975 bytes)
[save] output/q3_lctx_sensitivity.json (1733 bytes)
[Q3] validate_capability PASS
[Q3] 完成
============================================================
[Q4] Step 1: 规模 vs 非规模贡献分解（控制 ln Params 规模项 + 时间趋势项）
[data_ingest] C_efficiency_evolution/leaderboard_enhanced.csv 全量 4576 行已核对
[Q4]   有效样本 n=4561; C4开源字段(Epoch_AI_Open_Weights)标注 443 条
[Q4]   Cap ~ -24575.96 + 6.266·lnN + 12.142·year, R2=0.462
[Q4]   观测ΔCap=6.743; Δf(规模)=-1.711 Δh(非规模)=8.546 → 规模%=-25.0 非规模%=125.0
[Q4]   窗口内平均参数规模 ΔlnN=-0.273(下降→本回归规模项增量为负)
[Q4] Step 2: Loss-Benchmark 桥接（分层单调 sigmoid）
[data_ingest] C_efficiency_evolution/loss_benchmark_bridge_expanded.csv 全量 75 行已核对
[Q4]   分层 'High (same model, same validation set)': n=7 a=18.619(>0单调降) L0=2.134 R2=0.4028811836568017
[Q4]   分层 'Medium (different validation set, approximate)': n=68 a=50.000(>0单调降) L0=2.216 R2=0.3564519184841527
[Q4] Step 3: 能力前沿 12/24 月预测（Bootstrap 分位带 + 情景）
[data_ingest] C_efficiency_evolution/leaderboard_enhanced.csv 全量 4576 行已核对
[Q4]   开源模型 n=2813/4564
[data_ingest] C_efficiency_evolution/epoch_all_ai_models.csv 全量 3523 行已核对
[Q4]   C4历史算力增速: 5.10×/年 (log10斜率=0.707)
[Q4]   一步滚动检验 n=5: 趋势 MAE=1.89, 末值延续 MAE=1.28
[Q4]   情景 low(rc=0.0): 12m P50=41.52 24m P50=41.52
[Q4]   情景 mid(rc=0.5): 12m P50=51.38 24m P50=61.28
[Q4]   情景 high(rc=1.0): 12m P50=61.28 24m P50=81.02
[Q4]   前沿不倒退(24m>=12m, mid): True
[Q4] Step 4: C8 逐任务聚合（遍历 detailed_results/ JSON）
[Q4]   detailed_results 子目录数=1863
[save] output/q4_task_aggregation.csv (305390 bytes, 1860 rows)
[Q4]   解析成功 1860 目录, 损坏跳过 7, 六维完整 1854
[save] figures/problem_4_results.json (14906 bytes)
[save] output/q4_bridge_model.json (6838 bytes)
[Q4] validate_capability PASS
[Q4] 完成
[save] figures/all_results.json (199853 bytes)

============================================================
[main] 四问全部完成，汇总 → figures/all_results.json
