[Q1] decoded A_data_value/slimpajama_quality_signal_sample.jsonl.xz: 51230 rows (softmax)
{
  "primary": {
    "group_weights": {
      "model": 0.3333333333333333,
      "dsir": 0.3333333333333333,
      "structure": 0.3333333333333333
    },
    "Q0": 0.48787609721064545
  },
  "grouped_critic": {
    "Q0": 0.4864800441367807,
    "domain_kendall": 1.0,
    "sample_spearman": 0.9977753345153075
  },
  "group_weight_grid": {
    "min_weight": 0.2,
    "max_weight": 0.5,
    "step": 0.05,
    "n_scenarios": 36,
    "min_domain_kendall": 0.4285714285714286,
    "min_Q0": 0.4551409443825824,
    "max_Q0": 0.511386826046133,
    "highest_counts": {
      "c4": 28,
      "arxiv": 8
    },
    "lowest_counts": {
      "book": 31,
      "github": 5
    }
  }
}
